Set parameter Username
Academic license - for non-commercial use only - expires 2026-12-02
Set parameter Threads to value 1
Set parameter Seed to value 0
Set parameter MIPGap to value 0
Set parameter MIPGapAbs to value 0
Set parameter TimeLimit to value 120
Gurobi Optimizer version 12.0.3 build v12.0.3rc0 (win64 - Windows 11+.0 (26200.2))

CPU model: 12th Gen Intel(R) Core(TM) i7-12700H, instruction set [SSE2|AVX|AVX2]
Thread count: 14 physical cores, 20 logical processors, using up to 1 threads

Non-default parameters:
TimeLimit  120
MIPGap  0
MIPGapAbs  0
Threads  1

Optimize a model with 72 rows, 61 columns and 214 nonzeros
Model fingerprint: 0xfaba0a1e
Variable types: 1 continuous, 60 integer (60 binary)
Coefficient statistics:
  Matrix range     [1e+00, 2e+01]
  Objective range  [1e+00, 1e+00]
  Bounds range     [1e+00, 1e+00]
  RHS range        [1e+00, 1e+00]
Found heuristic solution: objective 15.0000000
Presolve removed 72 rows and 61 columns
Presolve time: 0.00s
Presolve: All rows and columns removed

Explored 0 nodes (0 simplex iterations) in 0.00 seconds (0.00 work units)
Thread count was 1 (of 20 available processors)

Solution count 2: 10 15 

Optimal solution found (tolerance 0.00e+00)
Best objective 1.000000000000e+01, best bound 1.000000000000e+01, gap 0.0000%
