Set parameter Username
Academic license - for non-commercial use only - expires 2026-12-02
Set parameter Threads to value 1
Set parameter Seed to value 0
Set parameter MIPGap to value 0
Set parameter MIPGapAbs to value 0
Set parameter TimeLimit to value 120
Gurobi Optimizer version 12.0.3 build v12.0.3rc0 (win64 - Windows 11+.0 (26200.2))

CPU model: 12th Gen Intel(R) Core(TM) i7-12700H, instruction set [SSE2|AVX|AVX2]
Thread count: 14 physical cores, 20 logical processors, using up to 1 threads

Non-default parameters:
TimeLimit  120
MIPGap  0
MIPGapAbs  0
Threads  1

Optimize a model with 116 rows, 61 columns and 302 nonzeros
Model fingerprint: 0xaf06a42d
Variable types: 1 continuous, 60 integer (60 binary)
Coefficient statistics:
  Matrix range     [1e+00, 1e+01]
  Objective range  [1e+00, 1e+00]
  Bounds range     [1e+00, 1e+00]
  RHS range        [1e+00, 1e+00]
Found heuristic solution: objective 12.0000000
Presolve removed 91 rows and 31 columns
Presolve time: 0.00s
Presolved: 25 rows, 30 columns, 80 nonzeros
Variable types: 0 continuous, 30 integer (29 binary)

Root relaxation: objective 8.545455e+00, 8 iterations, 0.00 seconds (0.00 work units)

    Nodes    |    Current Node    |     Objective Bounds      |     Work
 Expl Unexpl |  Obj  Depth IntInf | Incumbent    BestBd   Gap | It/Node Time

     0     0    8.54545    0    4   12.00000    8.54545  28.8%     -    0s
H    0     0                       9.0000000    8.54545  5.05%     -    0s
     0     0    8.54545    0    4    9.00000    8.54545  5.05%     -    0s

Explored 1 nodes (8 simplex iterations) in 0.00 seconds (0.00 work units)
Thread count was 1 (of 20 available processors)

Solution count 2: 9 12 

Optimal solution found (tolerance 0.00e+00)
Best objective 9.000000000000e+00, best bound 9.000000000000e+00, gap 0.0000%
