Set parameter Username
Academic license - for non-commercial use only - expires 2026-12-02
Set parameter Threads to value 1
Set parameter Seed to value 0
Set parameter MIPGap to value 0
Set parameter MIPGapAbs to value 0
Set parameter TimeLimit to value 120
Gurobi Optimizer version 12.0.3 build v12.0.3rc0 (win64 - Windows 11+.0 (26200.2))

CPU model: 12th Gen Intel(R) Core(TM) i7-12700H, instruction set [SSE2|AVX|AVX2]
Thread count: 14 physical cores, 20 logical processors, using up to 1 threads

Non-default parameters:
TimeLimit  120
MIPGap  0
MIPGapAbs  0
Threads  1

Optimize a model with 848 rows, 316 columns and 2223 nonzeros
Model fingerprint: 0xc70b8f2f
Variable types: 1 continuous, 315 integer (315 binary)
Coefficient statistics:
  Matrix range     [1e+00, 1e+01]
  Objective range  [1e+00, 1e+00]
  Bounds range     [1e+00, 1e+00]
  RHS range        [1e+00, 1e+00]
Found heuristic solution: objective 11.0000000
Presolve removed 713 rows and 15 columns
Presolve time: 0.00s
Presolved: 135 rows, 301 columns, 960 nonzeros
Variable types: 0 continuous, 301 integer (300 binary)

Root relaxation: objective 4.736842e+00, 51 iterations, 0.00 seconds (0.00 work units)

    Nodes    |    Current Node    |     Objective Bounds      |     Work
 Expl Unexpl |  Obj  Depth IntInf | Incumbent    BestBd   Gap | It/Node Time

     0     0    4.73684    0   23   11.00000    4.73684  56.9%     -    0s
H    0     0                       9.0000000    4.73684  47.4%     -    0s
     0     0    4.73684    0   23    9.00000    4.73684  47.4%     -    0s

Explored 1 nodes (128 simplex iterations) in 0.01 seconds (0.01 work units)
Thread count was 1 (of 20 available processors)

Solution count 2: 9 11 

Optimal solution found (tolerance 0.00e+00)
Best objective 9.000000000000e+00, best bound 9.000000000000e+00, gap 0.0000%
